edges
| test.cpp:11:23:11:25 | ptr indirection | test.cpp:12:10:12:12 | ptr indirection |
| test.cpp:26:36:26:38 | ptr indirection | test.cpp:28:14:28:16 | ptr indirection |
| test.cpp:32:26:32:28 | ptr indirection | test.cpp:35:10:35:13 | ptr2 indirection |
| test.cpp:39:19:39:25 | call to source1 indirection | test.cpp:41:16:41:19 | ptr1 indirection |
| test.cpp:39:19:39:25 | call to source1 indirection | test.cpp:44:29:44:32 | ptr1 indirection |
| test.cpp:39:19:39:25 | call to source1 indirection | test.cpp:45:18:45:21 | ptr1 indirection |
| test.cpp:41:16:41:19 | ptr1 indirection | test.cpp:11:23:11:25 | ptr indirection |
| test.cpp:44:29:44:32 | ptr1 indirection | test.cpp:26:36:26:38 | ptr indirection |
| test.cpp:45:18:45:21 | ptr1 indirection | test.cpp:32:26:32:28 | ptr indirection |
| test.cpp:48:13:48:16 | source2 output argument | test.cpp:50:16:50:19 | ptr2 indirection |
| test.cpp:48:13:48:16 | source2 output argument | test.cpp:53:29:53:32 | ptr2 indirection |
| test.cpp:48:13:48:16 | source2 output argument | test.cpp:54:18:54:21 | ptr2 indirection |
| test.cpp:50:16:50:19 | ptr2 indirection | test.cpp:11:23:11:25 | ptr indirection |
| test.cpp:53:29:53:32 | ptr2 indirection | test.cpp:26:36:26:38 | ptr indirection |
| test.cpp:54:18:54:21 | ptr2 indirection | test.cpp:32:26:32:28 | ptr indirection |
nodes
| test.cpp:11:23:11:25 | ptr indirection | semmle.label | ptr indirection |
| test.cpp:12:10:12:12 | ptr indirection | semmle.label | ptr indirection |
| test.cpp:26:36:26:38 | ptr indirection | semmle.label | ptr indirection |
| test.cpp:28:14:28:16 | ptr indirection | semmle.label | ptr indirection |
| test.cpp:32:26:32:28 | ptr indirection | semmle.label | ptr indirection |
| test.cpp:35:10:35:13 | ptr2 indirection | semmle.label | ptr2 indirection |
| test.cpp:39:19:39:25 | call to source1 indirection | semmle.label | call to source1 indirection |
| test.cpp:41:16:41:19 | ptr1 indirection | semmle.label | ptr1 indirection |
| test.cpp:44:29:44:32 | ptr1 indirection | semmle.label | ptr1 indirection |
| test.cpp:45:18:45:21 | ptr1 indirection | semmle.label | ptr1 indirection |
| test.cpp:48:13:48:16 | source2 output argument | semmle.label | source2 output argument |
| test.cpp:50:16:50:19 | ptr2 indirection | semmle.label | ptr2 indirection |
| test.cpp:53:29:53:32 | ptr2 indirection | semmle.label | ptr2 indirection |
| test.cpp:54:18:54:21 | ptr2 indirection | semmle.label | ptr2 indirection |
subpaths
#select
| test.cpp:12:10:12:12 | ptr indirection | test.cpp:39:19:39:25 | call to source1 indirection | test.cpp:12:10:12:12 | ptr indirection | Insecure usage of sink |
| test.cpp:12:10:12:12 | ptr indirection | test.cpp:48:13:48:16 | source2 output argument | test.cpp:12:10:12:12 | ptr indirection | Insecure usage of sink |
| test.cpp:28:14:28:16 | ptr indirection | test.cpp:39:19:39:25 | call to source1 indirection | test.cpp:28:14:28:16 | ptr indirection | Insecure usage of sink |
| test.cpp:28:14:28:16 | ptr indirection | test.cpp:48:13:48:16 | source2 output argument | test.cpp:28:14:28:16 | ptr indirection | Insecure usage of sink |
| test.cpp:35:10:35:13 | ptr2 indirection | test.cpp:39:19:39:25 | call to source1 indirection | test.cpp:35:10:35:13 | ptr2 indirection | Insecure usage of sink |
| test.cpp:35:10:35:13 | ptr2 indirection | test.cpp:48:13:48:16 | source2 output argument | test.cpp:35:10:35:13 | ptr2 indirection | Insecure usage of sink |
